<!DOCTYPE html>
<html lang="en">

<head>
    <meta charset="UTF-8">
    <title>Test</title>
</head>

<body>
    <p id="#ref1">My reference.</p>
    <p id="#ref2">Another reference.</p>
    <p id="#ref3">The 2 spaces after the colon should be ignored</p>
</body>

</html>
