<!DOCTYPE html>
<html lang="en">

<head>
    <meta charset="UTF-8">
    <title>Test</title>
</head>

<body>
    <table>
        <thead>
            <tr>
                <th>Tables</th>
                <th>Are</th>
                <th>Cool</th>
            </tr>
        </thead>
        <tbody>
            <tr>
                <td>here</td>
                <td>is</td>
                <td>data</td>
            </tr>
            <tr>
                <td>here</td>
                <td>is</td>
                <td>data</td>
            </tr>
            <tr>
                <td>here</td>
                <td>is also</td>
                <td><strong>bolded data</strong></td>
            </tr>
        </tbody>
    </table>
</body>

</html>
